stm32l0xx_hal_irda.c:327:19:HAL_IRDA_Init	16	static
stm32l0xx_hal_irda.c:392:19:HAL_IRDA_DeInit	16	static
stm32l0xx_hal_irda.c:435:13:HAL_IRDA_MspInit	16	static
stm32l0xx_hal_irda.c:451:13:HAL_IRDA_MspDeInit	16	static
stm32l0xx_hal_irda.c:809:19:HAL_IRDA_Transmit	48	static
stm32l0xx_hal_irda.c:915:19:HAL_IRDA_Receive	48	static
stm32l0xx_hal_irda.c:1022:19:HAL_IRDA_Transmit_IT	24	static
stm32l0xx_hal_irda.c:1084:19:HAL_IRDA_Receive_IT	24	static
stm32l0xx_hal_irda.c:1153:19:HAL_IRDA_Transmit_DMA	24	static
stm32l0xx_hal_irda.c:1250:19:HAL_IRDA_Receive_DMA	24	static
stm32l0xx_hal_irda.c:1337:19:HAL_IRDA_DMAPause	16	static
stm32l0xx_hal_irda.c:1375:19:HAL_IRDA_DMAResume	16	static
stm32l0xx_hal_irda.c:1410:19:HAL_IRDA_DMAStop	16	static
stm32l0xx_hal_irda.c:1487:19:HAL_IRDA_Abort	16	static
stm32l0xx_hal_irda.c:1573:19:HAL_IRDA_AbortTransmit	16	static
stm32l0xx_hal_irda.c:1625:19:HAL_IRDA_AbortReceive	16	static
stm32l0xx_hal_irda.c:1683:19:HAL_IRDA_Abort_IT	24	static
stm32l0xx_hal_irda.c:1815:19:HAL_IRDA_AbortTransmit_IT	16	static
stm32l0xx_hal_irda.c:1893:19:HAL_IRDA_AbortReceive_IT	16	static
stm32l0xx_hal_irda.c:1969:6:HAL_IRDA_IRQHandler	40	static
stm32l0xx_hal_irda.c:2129:13:HAL_IRDA_TxCpltCallback	16	static
stm32l0xx_hal_irda.c:2145:13:HAL_IRDA_TxHalfCpltCallback	16	static
stm32l0xx_hal_irda.c:2161:13:HAL_IRDA_RxCpltCallback	16	static
stm32l0xx_hal_irda.c:2177:13:HAL_IRDA_RxHalfCpltCallback	16	static
stm32l0xx_hal_irda.c:2193:13:HAL_IRDA_ErrorCallback	16	static
stm32l0xx_hal_irda.c:2209:13:HAL_IRDA_AbortCpltCallback	16	static
stm32l0xx_hal_irda.c:2225:13:HAL_IRDA_AbortTransmitCpltCallback	16	static
stm32l0xx_hal_irda.c:2241:13:HAL_IRDA_AbortReceiveCpltCallback	16	static
stm32l0xx_hal_irda.c:2280:23:HAL_IRDA_GetState	24	static
stm32l0xx_hal_irda.c:2297:10:HAL_IRDA_GetError	16	static
stm32l0xx_hal_irda.c:2341:26:IRDA_SetConfig	32	static
stm32l0xx_hal_irda.c:2419:26:IRDA_CheckIdleState	32	static
stm32l0xx_hal_irda.c:2470:26:IRDA_WaitOnFlagUntilTimeout	24	static
stm32l0xx_hal_irda.c:2505:13:IRDA_EndTxTransfer	16	static
stm32l0xx_hal_irda.c:2521:13:IRDA_EndRxTransfer	16	static
stm32l0xx_hal_irda.c:2538:13:IRDA_DMATransmitCplt	24	static
stm32l0xx_hal_irda.c:2574:13:IRDA_DMATransmitHalfCplt	24	static
stm32l0xx_hal_irda.c:2593:13:IRDA_DMAReceiveCplt	24	static
stm32l0xx_hal_irda.c:2629:13:IRDA_DMAReceiveHalfCplt	24	static
stm32l0xx_hal_irda.c:2648:13:IRDA_DMAError	24	static
stm32l0xx_hal_irda.c:2688:13:IRDA_DMAAbortOnError	24	static
stm32l0xx_hal_irda.c:2711:13:IRDA_DMATxAbortCallback	24	static
stm32l0xx_hal_irda.c:2759:13:IRDA_DMARxAbortCallback	24	static
stm32l0xx_hal_irda.c:2807:13:IRDA_DMATxOnlyAbortCallback	24	static
stm32l0xx_hal_irda.c:2834:13:IRDA_DMARxOnlyAbortCallback	24	static
stm32l0xx_hal_irda.c:2864:13:IRDA_Transmit_IT	24	static
stm32l0xx_hal_irda.c:2903:13:IRDA_EndTransmit_IT	16	static
stm32l0xx_hal_irda.c:2928:13:IRDA_Receive_IT	24	static
