stm32l0xx_hal_smartcard.c:312:19:HAL_SMARTCARD_Init	16	static
stm32l0xx_hal_smartcard.c:385:19:HAL_SMARTCARD_DeInit	16	static
stm32l0xx_hal_smartcard.c:435:13:HAL_SMARTCARD_MspInit	16	static
stm32l0xx_hal_smartcard.c:451:13:HAL_SMARTCARD_MspDeInit	16	static
stm32l0xx_hal_smartcard.c:784:19:HAL_SMARTCARD_Transmit	40	static
stm32l0xx_hal_smartcard.c:886:19:HAL_SMARTCARD_Receive	40	static
stm32l0xx_hal_smartcard.c:947:19:HAL_SMARTCARD_Transmit_IT	24	static
stm32l0xx_hal_smartcard.c:1017:19:HAL_SMARTCARD_Receive_IT	24	static
stm32l0xx_hal_smartcard.c:1066:19:HAL_SMARTCARD_Transmit_DMA	24	static
stm32l0xx_hal_smartcard.c:1164:19:HAL_SMARTCARD_Receive_DMA	24	static
stm32l0xx_hal_smartcard.c:1244:19:HAL_SMARTCARD_Abort	16	static
stm32l0xx_hal_smartcard.c:1334:19:HAL_SMARTCARD_AbortTransmit	16	static
stm32l0xx_hal_smartcard.c:1396:19:HAL_SMARTCARD_AbortReceive	16	static
stm32l0xx_hal_smartcard.c:1463:19:HAL_SMARTCARD_Abort_IT	24	static
stm32l0xx_hal_smartcard.c:1604:19:HAL_SMARTCARD_AbortTransmit_IT	16	static
stm32l0xx_hal_smartcard.c:1698:19:HAL_SMARTCARD_AbortReceive_IT	16	static
stm32l0xx_hal_smartcard.c:1791:6:HAL_SMARTCARD_IRQHandler	40	static
stm32l0xx_hal_smartcard.c:2047:13:HAL_SMARTCARD_TxCpltCallback	16	static
stm32l0xx_hal_smartcard.c:2063:13:HAL_SMARTCARD_RxCpltCallback	16	static
stm32l0xx_hal_smartcard.c:2079:13:HAL_SMARTCARD_ErrorCallback	16	static
stm32l0xx_hal_smartcard.c:2095:13:HAL_SMARTCARD_AbortCpltCallback	16	static
stm32l0xx_hal_smartcard.c:2111:13:HAL_SMARTCARD_AbortTransmitCpltCallback	16	static
stm32l0xx_hal_smartcard.c:2127:13:HAL_SMARTCARD_AbortReceiveCpltCallback	16	static
stm32l0xx_hal_smartcard.c:2166:28:HAL_SMARTCARD_GetState	24	static
stm32l0xx_hal_smartcard.c:2183:10:HAL_SMARTCARD_GetError	16	static
stm32l0xx_hal_smartcard.c:2227:26:SMARTCARD_SetConfig	32	static
stm32l0xx_hal_smartcard.c:2346:13:SMARTCARD_AdvFeatureConfig	16	static
stm32l0xx_hal_smartcard.c:2408:26:SMARTCARD_CheckIdleState	32	static
stm32l0xx_hal_smartcard.c:2461:26:SMARTCARD_WaitOnFlagUntilTimeout	24	static
stm32l0xx_hal_smartcard.c:2496:13:SMARTCARD_EndTxTransfer	16	static
stm32l0xx_hal_smartcard.c:2513:13:SMARTCARD_EndRxTransfer	16	static
stm32l0xx_hal_smartcard.c:2530:13:SMARTCARD_DMATransmitCplt	24	static
stm32l0xx_hal_smartcard.c:2549:13:SMARTCARD_DMAReceiveCplt	24	static
stm32l0xx_hal_smartcard.c:2580:13:SMARTCARD_DMAError	24	static
stm32l0xx_hal_smartcard.c:2620:13:SMARTCARD_DMAAbortOnError	24	static
stm32l0xx_hal_smartcard.c:2643:13:SMARTCARD_DMATxAbortCallback	24	static
stm32l0xx_hal_smartcard.c:2692:13:SMARTCARD_DMARxAbortCallback	24	static
stm32l0xx_hal_smartcard.c:2741:13:SMARTCARD_DMATxOnlyAbortCallback	24	static
stm32l0xx_hal_smartcard.c:2770:13:SMARTCARD_DMARxOnlyAbortCallback	24	static
stm32l0xx_hal_smartcard.c:2801:13:SMARTCARD_TxISR	16	static
stm32l0xx_hal_smartcard.c:2829:13:SMARTCARD_EndTransmit_IT	16	static
stm32l0xx_hal_smartcard.c:2881:13:SMARTCARD_RxISR	16	static
