../Drivers/CMSIS/Include/core_cm0plus.h:848:22:__NVIC_SetPriority	24	static
../Core/Src/stm32l0xx_nucleo.c:169:10:BSP_GetVersion	8	static
../Core/Src/stm32l0xx_nucleo.c:181:6:BSP_LED_Init	40	static
../Core/Src/stm32l0xx_nucleo.c:205:6:BSP_LED_On	16	static
../Core/Src/stm32l0xx_nucleo.c:217:6:BSP_LED_Off	16	static
../Core/Src/stm32l0xx_nucleo.c:229:6:BSP_LED_Toggle	16	static
../Core/Src/stm32l0xx_nucleo.c:245:6:BSP_PB_Init	40	static
../Core/Src/stm32l0xx_nucleo.c:283:10:BSP_PB_GetState	16	static
../Core/Src/stm32l0xx_nucleo.c:298:13:SPIx_MspInit	56	static
../Core/Src/stm32l0xx_nucleo.c:335:13:SPIx_Init	8	static
../Core/Src/stm32l0xx_nucleo.c:371:13:SPIx_WriteReadData	56	static
../Core/Src/stm32l0xx_nucleo.c:390:13:SPIx_Write	40	static
../Core/Src/stm32l0xx_nucleo.c:410:13:SPIx_Error	8	static
../Core/Src/stm32l0xx_nucleo.c:430:6:SD_IO_Init	48	static
../Core/Src/stm32l0xx_nucleo.c:471:6:SD_IO_CSState	16	static
../Core/Src/stm32l0xx_nucleo.c:488:6:SD_IO_WriteReadData	24	static
../Core/Src/stm32l0xx_nucleo.c:500:9:SD_IO_WriteByte	32	static
../Core/Src/stm32l0xx_nucleo.c:515:6:LCD_IO_Init	48	static
../Core/Src/stm32l0xx_nucleo.c:546:6:LCD_IO_WriteReg	16	static
../Core/Src/stm32l0xx_nucleo.c:567:6:LCD_IO_WriteData	16	static
../Core/Src/stm32l0xx_nucleo.c:588:6:LCD_IO_WriteMultipleData	24	static
../Core/Src/stm32l0xx_nucleo.c:644:6:LCD_Delay	16	static
../Core/Src/stm32l0xx_nucleo.c:657:13:ADCx_MspInit	40	static
../Core/Src/stm32l0xx_nucleo.c:680:13:ADCx_Init	8	static
../Core/Src/stm32l0xx_nucleo.c:712:9:BSP_JOY_Init	24	static
../Core/Src/stm32l0xx_nucleo.c:741:18:BSP_JOY_GetState	16	static
