../Core/Src/stm32l0xx_it.c:69:6:NMI_Handler	8	static
../Core/Src/stm32l0xx_it.c:101:6:HardFault_Handler	8	static
../Core/Src/stm32l0xx_it.c:121:6:SVC_Handler	8	static
../Core/Src/stm32l0xx_it.c:136:6:DebugMon_Handler	8	static
../Core/Src/stm32l0xx_it.c:149:6:PendSV_Handler	8	static
../Core/Src/stm32l0xx_it.c:164:6:SysTick_Handler	16	static,ignoring_inline_asm
../Core/Src/stm32l0xx_it.c:278:6:TIM21_IRQHandler	16	static
../Core/Src/stm32l0xx_it.c:320:13:STL_InitClock_Xcross_Measurement	104	static
